// Jest Snapshot v1, https://goo.gl/fbAQLP

exports[`displays 0 items 1`] = `0`;
